
> my-v0-project@0.1.0 build
> next build

node.exe :  ÔÜá Warning: Next
.js inferred your workspace r
oot, but it may not be correc
t.
At line:1 char:1
+ & "C:\Program Files\nodejs/
node.exe" "C:\Program Files\n
odejs/node_mo ...
+ ~~~~~~~~~~~~~~~~~~~~~~~~~~~
~~~~~~~~~~~~~~~~~~~~~~~~~~~~~
~~~~~~~~~~~~~
    + CategoryInfo           
   : NotSpecified: ( ÔÜá Wa  
  rning: N...not be correc   
 t.:String) [], RemoteExc    
eption
    + FullyQualifiedErrorId  
   : NativeCommandError
 
 We detected multiple lockfil
es and selected the directory
 of C:\Users\ucler\package-lo
ck.json as the root directory
.
 To silence this warning, set
 `turbopack.root` in your Nex
t.js config, or consider remo
ving one of the lockfiles if 
it's not needed.
   See https://nextjs.org/doc
s/app/api-reference/config/ne
xt-config-js/turbopack#root-d
irectory for more information
.
 Detected additional lockfile
s: 
   * C:\Users\ucler\Desktop\u
clergnlts\D4ily Doc├╝man\D4il
y\pnpm-lock.yaml

   Ôû▓ Next.js 16.0.10 (Turbopack)
   - Environments: .env.local

 ÔÜá The "middleware" file co
nvention is deprecated. Pleas
e use "proxy" instead. Learn 
more: https://nextjs.org/docs
/messages/middleware-to-proxy
   Creating an optimized production build ...

thread 'tokio-runtime-worker'
 (29860) panicked at turbopac
k\crates\turbopack-core\src\i
dent.rs:352:34:
byte index 29 is not a char b
oundary; it is inside '├╝' (b
ytes 28..30) of `Desktop_ucle
rgnlts_D4ily Doc├╝man_D4ily__
next-internal_server_app_api_
push_unsubscribe_route_action
s_640b550c`
note: run with `RUST_BACKTRAC
E=1` environment variable to 
display a backtrace

-----
[1m[31mFATAL[39m[0m: An u
nexpected Turbopack error occ
urred. A panic log has been w
ritten to C:\Users\ucler\AppD
ata\Local\Temp\next-panic-1de
bdfc5ee50a12258c96a2a3abf36ed
.log.

To help make Turbopack better
, report this error by ]8;;h
ttps://github.com/vercel/next
.js/discussions/new?category=
turbopack-error-report&title=
Turbopack%20Error%3A%20byte%2
0index%2029%20is%20not%20a%20
char%20boundary%3B%20it%20is%
20inside%20%27%C3%BC%27%20%28
bytes%2028..30%29%20of%20%60D
esktop_uclergnlts_D4ily%20Doc
%C3%BCman_D4ily__next-interna
l_server_app_api_push_unsubsc
ribe_route_actions_640b550c%6
0&body=Turbopack%20version%3A
%20%603f6a39f6%60%0ANext.js%2
0version%3A%20%600.0.0%60%0A%
0AError%20message%3A%0A%60%60
%60%0Abyte%20index%2029%20is%
20not%20a%20char%20boundary%3
B%20it%20is%20inside%20%27%C3
%BC%27%20%28bytes%2028..30%29
%20of%20%60Desktop_uclergnlts
_D4ily%20Doc%C3%BCman_D4ily__
next-internal_server_app_api_
push_unsubscribe_route_action
s_640b550c%60%0A%0ADebug%20in
fo%3A%0A-%20Execution%20of%20
get_all_written_entrypoints_w
ith_issues_operation%20failed
%0A-%20Execution%20of%20Entry
pointsOperation%3A%3Anew%20fa
iled%0A-%20Execution%20of%20a
ll_entrypoints_write_to_disk_
operation%20failed%0A-%20Exec
ution%20of%20Project%3A%3Aemi
t_all_output_assets%20failed%
0A-%20Execution%20of%20emit_a
ssets%20failed%0A-%20Executio
n%20of%20emit%20failed%0A-%20
Execution%20of%20%3CSourceMap
Asset%20as%20Asset%3E%3A%3Aco
ntent%20failed%0A-%20Executio
n%20of%20%3CEcmascriptBuildNo
deEntryChunk%20as%20GenerateS
ourceMap%3E%3A%3Agenerate_sou
rce_map%20failed%0A-%20Execut
ion%20of%20%2A%3CCode%20as%20
GenerateSourceMap%3E%3A%3Agen
erate_source_map%20failed%0A-
%20Execution%20of%20Ecmascrip
tBuildNodeEntryChunk%3A%3Acod
e%20failed%0A-%20Execution%20
of%20%3CNodeJsChunkingContext
%20as%20ChunkingContext%3E%3A
%3Achunk_path%20failed%0A-%20
Execution%20of%20AssetIdent%3
A%3Aoutput_name%20failed%0A-%
20byte%20index%2029%20is%20no
t%20a%20char%20boundary%3B%20
it%20is%20inside%20%27%C3%BC%
27%20%28bytes%2028..30%29%20o
f%20%60Desktop_uclergnlts_D4i
ly%20Doc%C3%BCman_D4ily__next
-internal_server_app_api_push
_unsubscribe_route_actions_64
0b550c%60%0A%60%60%60&labels=
Turbopack,Turbopack%20Panic%2
0Backtrace\clicking here.]8
;;\
-----


> Build error occurred
Error [TurbopackInternalError
]: byte index 29 is not a cha
r boundary; it is inside '├╝'
 (bytes 28..30) of `Desktop_u
clergnlts_D4ily Doc├╝man_D4il
y__next-internal_server_app_a
pi_push_unsubscribe_route_act
ions_640b550c`

Debug info:
- Execution of get_all_writte
n_entrypoints_with_issues_ope
ration failed
- Execution of EntrypointsOpe
ration::new failed
- Execution of all_entrypoint
s_write_to_disk_operation fai
led
- Execution of Project::emit_
all_output_assets failed
- Execution of emit_assets fa
iled
- Execution of emit failed
- Execution of <SourceMapAsse
t as Asset>::content failed
- Execution of <EcmascriptBui
ldNodeEntryChunk as GenerateS
ourceMap>::generate_source_ma
p failed
- Execution of *<Code as Gene
rateSourceMap>::generate_sour
ce_map failed
- Execution of EcmascriptBuil
dNodeEntryChunk::code failed
- Execution of <NodeJsChunkin
gContext as ChunkingContext>:
:chunk_path failed
- Execution of AssetIdent::ou
tput_name failed
- byte index 29 is not a char
 boundary; it is inside '├╝' 
(bytes 28..30) of `Desktop_uc
lergnlts_D4ily Doc├╝man_D4ily
__next-internal_server_app_ap
i_push_unsubscribe_route_acti
ons_640b550c`
    at <unknown> (TurbopackIn
ternalError: byte index 29 is
 not a char boundary; it is i
nside '├╝' (bytes 28..30) of 
`Desktop_uclergnlts_D4ily Doc
├╝man_D4ily__next-internal_se
rver_app_api_push_unsubscribe
_route_actions_640b550c`) {
  type: 'TurbopackInternalErr
or',
  location: 'turbopack\\crate
s\\turbopack-core\\src\\ident
.rs:352:34'
}
